// Jest Snapshot v1, https://goo.gl/fbAQLP

exports[`EmailVerificationService test suite buildMailerOptions - should create mailer options 1`] = `
Object {
  "context": Object {
    "action_url": "https://shorturl.at/bhiY4",
    "name": "lupu60",
  },
  "subject": "Register email verification - Instigo",
  "template": "verification-email",
  "to": "lupu60@gmail.com",
}
`;
